// Vitest Snapshot v1, https://vitest.dev/guide/snapshot.html

exports[`FormIconInput > renders 1`] = `[Function]`;

exports[`FormIconInput > renders correctly 1`] = `[Function]`;
